working
